31.184.238.87 - - [30/Oct/2015:17:02:18 -0700] "GET /logs/access.log HTTP/1.1" 200 115340 "http://orderindomethacin50mgonlinequickdelivery.soup.io" "Mozilla/5.0 (Windows NT 6.1; WOW64) AppleWebKit/537.36 (KHTML, like Gecko) Chrome/32.0.1700.76 Safari/537.36" "www.eoaheadstart.org"
31.184.238.87 - - [30/Oct/2015:17:08:36 -0700] "GET /logs/access.log HTTP/1.1" 200 282 "http://norgestimate-50mg-order.over-blog.com/2014/04/buy-norgestimate-50mg-safely.html" "Mozilla/5.0 (Windows NT 5.1; rv:27.0) Gecko/20100101 Firefox/27.0" "www.eoaheadstart.org"
66.249.91.22 - - [30/Oct/2015:17:12:42 -0700] "GET / HTTP/1.1" 200 5796 "-" "AdsBot-Google-Mobile (+http://www.google.com/mobile/adsbot.html) Mozilla (iPhone; U; CPU iPhone OS 3 0 like Mac OS X) AppleWebKit (KHTML, like Gecko) Mobile Safari" "eoaheadstart.org"
31.184.238.87 - - [30/Oct/2015:17:14:55 -0700] "GET /logs/access.log HTTP/1.1" 200 810 "http://forzest-buy-cheap.soup.io" "Mozilla/5.0 (Windows NT 6.1; WOW64) AppleWebKit/537.36 (KHTML, like Gecko) Chrome/30.0.1599.12785 YaBrowser/13.12.1599.12785 Safari/537.36" "www.eoaheadstart.org"
91.116.246.72 - - [30/Oct/2015:17:16:02 -0700] "GET /logs/access.log HTTP/1.1" 200 1096 "-" "Mozilla/5.0 (X11; Linux x86_64; rv:2.0b8pre) Gecko/20101011 Firefox/4.0b8pre" "www.eoaheadstart.org"
91.116.246.72 - - [30/Oct/2015:17:17:26 -0700] "GET /logs/access.log HTTP/1.1" 200 1290 "-" "Mozilla/5.0 (X11; Linux x86_64; rv:2.0b8pre) Gecko/20101011 Firefox/4.0b8pre" "eoaheadstart.org"
31.184.238.87 - - [30/Oct/2015:17:21:13 -0700] "GET /logs/access.log HTTP/1.1" 200 1480 "http://bicalutamide7d.forumcircle.com" "Opera/9.80 (Windows NT 5.1) Presto/2.12.388 Version/12.16" "www.eoaheadstart.org"
195.34.78.97 - - [30/Oct/2015:17:25:56 -0700] "GET /logs/access.log HTTP/1.1" 200 1691 "http://eoaheadstart.org/" "Mozilla/5.0 (Windows NT 6.1; WOW64) AppleWebKit/537.36 (KHTML, like Gecko) Maxthon/4.4.3.4000 Chrome/30.0.1599.101 Safari/537.36" "eoaheadstart.org"
31.184.238.87 - - [30/Oct/2015:17:27:31 -0700] "GET /logs/access.log HTTP/1.1" 200 1955 "http://www.theknot.com/wedding/delivery-and-depakote" "Mozilla/5.0 (Windows NT 6.3; WOW64; rv:26.0) Gecko/20100101 Firefox/26.0" "www.eoaheadstart.org"
31.184.238.87 - - [30/Oct/2015:17:40:09 -0700] "GET /logs/access.log HTTP/1.1" 200 2196 "http://meloxicam-15mg-buy-safely.aircus.com" "Mozilla/5.0 (Windows NT 6.3; WOW64) AppleWebKit/537.36 (KHTML, like Gecko) Chrome/32.0.1700.107 Safari/537.36" "www.eoaheadstart.org"
31.184.238.87 - - [30/Oct/2015:17:46:27 -0700] "GET /logs/access.log HTTP/1.1" 200 2465 "http://www.theknot.com/wedding/no-and-amoxicillin" "Opera/9.80 (Windows NT 6.1; Win64; x64) Presto/2.12.388 Version/12.16" "www.eoaheadstart.org"
31.184.238.87 - - [30/Oct/2015:17:52:44 -0700] "GET /logs/access.log HTTP/1.1" 200 2700 "http://aristocort4mgmyy.forumcircle.com" "Mozilla/5.0 (Windows NT 6.3; WOW64) AppleWebKit/537.36 (KHTML, like Gecko) Chrome/33.0.1750.117 Safari/537.36" "www.eoaheadstart.org"
115.132.104.99 - - [30/Oct/2015:17:53:48 -0700] "GET / HTTP/1.1" 200 19305 "-" "Java/1.4.1_04" "www.eoaheadstart.org"
115.132.104.99 - - [30/Oct/2015:17:53:48 -0700] "GET /about_us HTTP/1.1" 200 15910 "-" "Java/1.4.1_04" "www.eoaheadstart.org"
115.132.104.99 - - [30/Oct/2015:17:53:51 -0700] "GET /centers HTTP/1.1" 200 15623 "-" "Java/1.4.1_04" "www.eoaheadstart.org"
115.132.104.99 - - [30/Oct/2015:17:53:53 -0700] "GET /contact_us HTTP/1.1" 200 33137 "-" "Java/1.4.1_04" "www.eoaheadstart.org"
115.132.104.99 - - [30/Oct/2015:17:53:54 -0700] "GET /enrollment HTTP/1.1" 200 17947 "-" "Java/1.4.1_04" "www.eoaheadstart.org"
115.132.104.99 - - [30/Oct/2015:17:53:55 -0700] "GET /home HTTP/1.1" 200 18889 "-" "Java/1.4.1_04" "www.eoaheadstart.org"
115.132.104.99 - - [30/Oct/2015:17:53:56 -0700] "GET /news HTTP/1.1" 200 15121 "-" "Java/1.4.1_04" "www.eoaheadstart.org"
115.132.104.99 - - [30/Oct/2015:17:53:57 -0700] "GET /parent_information HTTP/1.1" 200 121851 "-" "Java/1.4.1_04" "www.eoaheadstart.org"
115.132.104.99 - - [30/Oct/2015:17:54:03 -0700] "GET /application/espa%C3%B1ol HTTP/1.1" 200 37293 "-" "Java/1.4.1_04" "www.eoaheadstart.org"
115.132.104.99 - - [30/Oct/2015:17:54:05 -0700] "GET /parent_information/waiting_list_info HTTP/1.1" 200 16972 "-" "Java/1.4.1_04" "www.eoaheadstart.org"
115.132.104.99 - - [30/Oct/2015:17:54:06 -0700] "GET /contact_us/{mapurl} HTTP/1.1" 200 779 "-" "Java/1.4.1_04" "www.eoaheadstart.org"
115.132.104.99 - - [30/Oct/2015:17:54:06 -0700] "GET /application/espa%C3%B1ol/tel:%28479%29%20521-5571 HTTP/1.1" 200 779 "-" "Java/1.4.1_04" "www.eoaheadstart.org"
115.132.104.99 - - [30/Oct/2015:17:54:06 -0700] "GET /https://twitter.com/EOA_HS_Family HTTP/1.1" 404 73 "-" "Java/1.4.1_04" "www.eoaheadstart.org"
115.132.104.99 - - [30/Oct/2015:17:54:07 -0700] "GET /https://s.yimg.com/mi/vs4/ywa.js HTTP/1.1" 404 73 "-" "Java/1.4.1_04" "www.eoaheadstart.org"
115.132.104.99 - - [30/Oct/2015:17:54:07 -0700] "GET /https://www.facebook.com/pages/EOA-of-Washington-County-Head-StartEarly-Head-Start HTTP/1.1" 404 73 "-" "Java/1.4.1_04" "www.eoaheadstart.org"
115.132.104.99 - - [30/Oct/2015:17:54:08 -0700] "GET /about_us/https://twitter.com/EOA_HS_Family HTTP/1.1" 200 779 "-" "Java/1.4.1_04" "www.eoaheadstart.org"
115.132.104.99 - - [30/Oct/2015:17:54:08 -0700] "GET /application/https://twitter.com/EOA_HS_Family HTTP/1.1" 200 779 "-" "Java/1.4.1_04" "www.eoaheadstart.org"
115.132.104.99 - - [30/Oct/2015:17:54:08 -0700] "GET /careers/https://twitter.com/EOA_HS_Family HTTP/1.1" 200 779 "-" "Java/1.4.1_04" "www.eoaheadstart.org"
115.132.104.99 - - [30/Oct/2015:17:54:09 -0700] "GET /centers/https://twitter.com/EOA_HS_Family HTTP/1.1" 200 779 "-" "Java/1.4.1_04" "www.eoaheadstart.org"
115.132.104.99 - - [30/Oct/2015:17:54:09 -0700] "GET /contact_us/https://twitter.com/EOA_HS_Family HTTP/1.1" 200 779 "-" "Java/1.4.1_04" "www.eoaheadstart.org"
115.132.104.99 - - [30/Oct/2015:17:54:10 -0700] "GET /enrollment/https://twitter.com/EOA_HS_Family HTTP/1.1" 200 779 "-" "Java/1.4.1_04" "www.eoaheadstart.org"
115.132.104.99 - - [30/Oct/2015:17:54:10 -0700] "GET /home/https://twitter.com/EOA_HS_Family HTTP/1.1" 200 779 "-" "Java/1.4.1_04" "www.eoaheadstart.org"
115.132.104.99 - - [30/Oct/2015:17:54:10 -0700] "GET /news/https://twitter.com/EOA_HS_Family HTTP/1.1" 200 779 "-" "Java/1.4.1_04" "www.eoaheadstart.org"
115.132.104.99 - - [30/Oct/2015:17:54:10 -0700] "GET /parent_information/https://twitter.com/EOA_HS_Family HTTP/1.1" 200 779 "-" "Java/1.4.1_04" "www.eoaheadstart.org"
115.132.104.99 - - [30/Oct/2015:17:54:11 -0700] "GET /about_us/https://s.yimg.com/mi/vs4/ywa.js HTTP/1.1" 200 779 "-" "Java/1.4.1_04" "www.eoaheadstart.org"
115.132.104.99 - - [30/Oct/2015:17:54:11 -0700] "GET /about_us/https://www.facebook.com/pages/EOA-of-Washington-County-Head-StartEarly-Head-Start HTTP/1.1" 200 779 "-" "Java/1.4.1_04" "www.eoaheadstart.org"
115.132.104.99 - - [30/Oct/2015:17:54:12 -0700] "GET /application/https://s.yimg.com/mi/vs4/ywa.js HTTP/1.1" 200 779 "-" "Java/1.4.1_04" "www.eoaheadstart.org"
115.132.104.99 - - [30/Oct/2015:17:54:12 -0700] "GET /application/https://www.facebook.com/pages/EOA-of-Washington-County-Head-StartEarly-Head-Start HTTP/1.1" 200 779 "-" "Java/1.4.1_04" "www.eoaheadstart.org"
115.132.104.99 - - [30/Oct/2015:17:54:12 -0700] "GET /careers/https://s.yimg.com/mi/vs4/ywa.js HTTP/1.1" 200 779 "-" "Java/1.4.1_04" "www.eoaheadstart.org"
115.132.104.99 - - [30/Oct/2015:17:54:12 -0700] "GET /careers/https://www.facebook.com/pages/EOA-of-Washington-County-Head-StartEarly-Head-Start HTTP/1.1" 200 779 "-" "Java/1.4.1_04" "www.eoaheadstart.org"
115.132.104.99 - - [30/Oct/2015:17:54:13 -0700] "GET /centers/https://s.yimg.com/mi/vs4/ywa.js HTTP/1.1" 200 779 "-" "Java/1.4.1_04" "www.eoaheadstart.org"
115.132.104.99 - - [30/Oct/2015:17:54:13 -0700] "GET /centers/https://www.facebook.com/pages/EOA-of-Washington-County-Head-StartEarly-Head-Start HTTP/1.1" 200 779 "-" "Java/1.4.1_04" "www.eoaheadstart.org"
115.132.104.99 - - [30/Oct/2015:17:54:13 -0700] "GET /contact_us/https://s.yimg.com/mi/vs4/ywa.js HTTP/1.1" 200 779 "-" "Java/1.4.1_04" "www.eoaheadstart.org"
115.132.104.99 - - [30/Oct/2015:17:54:14 -0700] "GET /contact_us/https://www.facebook.com/pages/EOA-of-Washington-County-Head-StartEarly-Head-Start HTTP/1.1" 200 779 "-" "Java/1.4.1_04" "www.eoaheadstart.org"
115.132.104.99 - - [30/Oct/2015:17:54:14 -0700] "GET /enrollment/https://s.yimg.com/mi/vs4/ywa.js HTTP/1.1" 200 779 "-" "Java/1.4.1_04" "www.eoaheadstart.org"
115.132.104.99 - - [30/Oct/2015:17:54:14 -0700] "GET /enrollment/https://www.facebook.com/pages/EOA-of-Washington-County-Head-StartEarly-Head-Start HTTP/1.1" 200 779 "-" "Java/1.4.1_04" "www.eoaheadstart.org"
115.132.104.99 - - [30/Oct/2015:17:54:15 -0700] "GET /home/https://s.yimg.com/mi/vs4/ywa.js HTTP/1.1" 200 779 "-" "Java/1.4.1_04" "www.eoaheadstart.org"
115.132.104.99 - - [30/Oct/2015:17:54:15 -0700] "GET /home/https://www.facebook.com/pages/EOA-of-Washington-County-Head-StartEarly-Head-Start HTTP/1.1" 200 779 "-" "Java/1.4.1_04" "www.eoaheadstart.org"
115.132.104.99 - - [30/Oct/2015:17:54:15 -0700] "GET /news/https://s.yimg.com/mi/vs4/ywa.js HTTP/1.1" 200 779 "-" "Java/1.4.1_04" "www.eoaheadstart.org"
37.204.120.18 - - [30/Oct/2015:17:56:03 -0700] "GET /pkuto/jne7403.php HTTP/1.1" 302 416 "http://yandex.ru/clck/jsredir?from=yandex.ru%3Bsearch%3Bweb%3B%3B&text=&etext=857.Yw8Xtt_Z4G-nYRUvYVLbsBMDGWQJUssZhAZiBCtgMV9BXpOz9OxSpKxszgOMCkLS.865d0c784835e1b65f7a6d915440be6781d35023&uuid=&state=AiuY0DBWFJ4ePaEse6rgeAjgs2pI3DW9J0KiE5XNXd0dp0ZMwFHoviUoYa6nzP7MFsomsouu4qfRvr4hRCBcHUy58HxEEJxbsgM0fg0yzFOB9mMwlBygTl-cQZbWhlcHqTgsDexTrYcR8QVmpkiN_kbjDt_uQWgv9byk8QvOB_0lg1gfxjrY3imDCGlLrhx0bJLnAFTYAUWROrjinlUkeQ&data=UlNrNmk5WktYejR0eWJFYk1LdmtxakFzSm9tdi1fam5BSS1hcldqYlZjYzVWRGJYYmZPR1BQby1vMnZ2TFJsdXZ2M2hueHN1N01iRG1teDJUU253cDNydDBXbTR4VXNjTVZ5QUViVUROR2JmMFlfUXF3QmNvd3NSQWhtUjZrb2s&b64e=2&sign=0b795e1f606522045e56aba87ea6eb11&keyno=0&l10n=ru&cts=1446252504890&mc=3.26025516019" "Mozilla/5.0 (Windows NT 6.1) AppleWebKit/537.36 (KHTML, like Gecko) Chrome/31.0.1650.57 Safari/537.36" "eoaheadstart.org"
141.8.143.179 - - [30/Oct/2015:17:57:20 -0700] "GET /robots.txt HTTP/1.1" 200 43 "-" "Mozilla/5.0 (compatible; YandexBot/3.0; +http://yandex.com/bots)" "eoaheadstart.org"
141.8.143.156 - - [30/Oct/2015:17:57:23 -0700] "GET /pkuto/jne7403.php HTTP/1.1" 200 416 "-" "Mozilla/5.0 (compatible; YandexBot/3.0; +http://yandex.com/bots)" "eoaheadstart.org"
31.184.238.87 - - [30/Oct/2015:17:59:02 -0700] "GET /logs/access.log HTTP/1.1" 200 10443 "http://buysumycinlowprice.soup.io" "Mozilla/5.0 (Windows NT 6.3; WOW64) AppleWebKit/537.36 (KHTML, like Gecko) Chrome/32.0.1700.107 Safari/537.36" "www.eoaheadstart.org"
208.115.113.91 - - [30/Oct/2015:18:16:18 -0700] "GET /robots.txt HTTP/1.1" 200 43 "-" "Mozilla/5.0 (compatible; DotBot/1.1; http://www.opensiteexplorer.org/dotbot, help@moz.com)" "www.eoaheadstart.org"
91.116.246.72 - - [30/Oct/2015:18:17:24 -0700] "GET /logs/access.log HTTP/1.1" 200 10905 "-" "Mozilla/5.0 (X11; Linux x86_64; rv:2.0b8pre) Gecko/20101011 Firefox/4.0b8pre" "www.eoaheadstart.org"
31.184.238.87 - - [30/Oct/2015:18:18:05 -0700] "GET /logs/access.log HTTP/1.1" 200 11100 "http://buylithobidfastdelivery.snack.ws" "Mozilla/5.0 (X11; Linux i686; rv:18.0) Gecko/20100101 Firefox/18.0 Iceweasel/18.0.1" "www.eoaheadstart.org"
207.46.13.116 - - [30/Oct/2015:18:20:26 -0700] "GET /robots.txt HTTP/1.1" 200 43 "-" "Mozilla/5.0 (compatible; bingbot/2.0; +http://www.bing.com/bingbot.htm)" "eoaheadstart.org"
31.184.238.87 - - [30/Oct/2015:18:24:23 -0700] "GET /logs/access.log HTTP/1.1" 200 11518 "http://www.theknot.com/wedding/pioglitazone-and-no" "Opera/9.80 (Windows NT 6.1; Win64; x64) Presto/2.12.388 Version/12.16" "www.eoaheadstart.org"
192.187.100.154 - - [30/Oct/2015:18:26:29 -0700] "GET /logs/access.log HTTP/1.1" 200 2312 "http://eoaheadstart.org/" "Mozilla/5.0 (Windows NT 6.1; WOW64) AppleWebKit/537.36 (KHTML, like Gecko) Maxthon/4.4.3.4000 Chrome/30.0.1599.101 Safari/537.36" "eoaheadstart.org"
220.181.108.81 - - [30/Oct/2015:18:29:11 -0700] "GET /pma/themes/original/img/logo_right.png HTTP/1.1" 200 5658 "http://image.baidu.com/i?ct=503316480&z=0&tn=baiduimagedetail" "Baiduspider-image+(+http://www.baidu.com/search/spider.htm)" "eoaheadstart.org"
31.184.238.87 - - [30/Oct/2015:18:30:42 -0700] "GET /logs/access.log HTTP/1.1" 200 12279 "http://g1vcyproheptadine.aircus.com" "Mozilla/5.0 (Windows NT 5.1) AppleWebKit/537.36 (KHTML, like Gecko) Chrome/32.0.1700.107 Safari/537.36" "www.eoaheadstart.org"
31.184.238.87 - - [30/Oct/2015:18:37:02 -0700] "GET /logs/access.log HTTP/1.1" 200 12534 "http://buysulfasalazinewithoutprescript.snack.ws" "Mozilla/5.0 (Windows NT 6.1) AppleWebKit/537.36 (KHTML, like Gecko) Chrome/32.0.1700.102 Safari/537.36" "www.eoaheadstart.org"
99.98.86.128 - - [30/Oct/2015:18:39:50 -0700] "GET / HTTP/1.1" 200 5796 "-" "Mozilla/5.0 (iPhone; CPU iPhone OS 8_4 like Mac OS X) AppleWebKit/600.1.4 (KHTML, like Gecko) Version/8.0 Mobile/12H143 Safari/600.1.4" "eoaheadstart.org"
99.98.86.128 - - [30/Oct/2015:18:39:50 -0700] "GET /yahoo_site_admin/assets/images/EOACSlogo.19571411_logo.jpg HTTP/1.1" 200 4070 "http://eoaheadstart.org/" "Mozilla/5.0 (iPhone; CPU iPhone OS 8_4 like Mac OS X) AppleWebKit/600.1.4 (KHTML, like Gecko) Version/8.0 Mobile/12H143 Safari/600.1.4" "eoaheadstart.org"
99.98.86.128 - - [30/Oct/2015:18:39:50 -0700] "GET /yahoo_site_admin/assets/images/facebook_logo.322121617_std.jpg HTTP/1.1" 200 21026 "http://eoaheadstart.org/" "Mozilla/5.0 (iPhone; CPU iPhone OS 8_4 like Mac OS X) AppleWebKit/600.1.4 (KHTML, like Gecko) Version/8.0 Mobile/12H143 Safari/600.1.4" "eoaheadstart.org"
31.184.238.87 - - [30/Oct/2015:18:43:22 -0700] "GET /logs/access.log HTTP/1.1" 200 13665 "http://ordermebeverine135mgonline.soup.io" "Mozilla/5.0 (Windows NT 6.3; WOW64) AppleWebKit/537.36 (KHTML, like Gecko) Chrome/33.0.1750.146 Safari/537.36" "www.eoaheadstart.org"
31.184.238.87 - - [30/Oct/2015:18:56:03 -0700] "GET /logs/access.log HTTP/1.1" 200 13933 "http://buymetformin850mgonlinefinland.aircus.com" "Mozilla/5.0 (Windows NT 6.1; WOW64) AppleWebKit/537.36 (KHTML, like Gecko) Chrome/31.0.1650.63 Safari/537.36 OPR/18.0.1284.68" "www.eoaheadstart.org"
68.64.166.114 - - [30/Oct/2015:19:00:07 -0700] "GET / HTTP/1.1" 200 5796 "-" "Mozilla/5.0 (Windows NT 6.1; Trident/7.0; rv:11.0) like Gecko" "eoaheadstart.org"
31.184.238.87 - - [30/Oct/2015:19:02:24 -0700] "GET /logs/access.log HTTP/1.1" 200 14384 "http://theophylline-200mg-buy.over-blog.com/2014/04/purchase-discount-theophylline-buy-theophylline-safely-uk-review.html" "Mozilla/5.0 (Windows NT 6.3; WOW64; rv:27.0) Gecko/20100101 Firefox/27.0" "www.eoaheadstart.org"
192.126.190.183 - - [30/Oct/2015:19:06:51 -0700] "GET /logs/access.log HTTP/1.1" 200 2869 "http://eoaheadstart.org/" "Mozilla/5.0 (Windows NT 6.1; WOW64) AppleWebKit/537.36 (KHTML, like Gecko) Maxthon/4.4.4.600 Chrome/30.0.1599.101 Safari/537.36" "eoaheadstart.org"
31.184.238.87 - - [30/Oct/2015:19:08:44 -0700] "GET /logs/access.log HTTP/1.1" 200 14961 "http://gravatar.com/prefdotouraliwe" "Opera/9.80 (Windows NT 6.1; WOW64) Presto/2.12.388 Version/12.16" "www.eoaheadstart.org"
31.184.238.87 - - [30/Oct/2015:19:15:04 -0700] "GET /logs/access.log HTTP/1.1" 200 15178 "http://order-loxapine-10mg.soup.io" "Opera/9.80 (Windows NT 6.1; WOW64) Presto/2.12.388 Version/12.16" "www.eoaheadstart.org"
72.204.55.250 - - [30/Oct/2015:19:18:17 -0700] "GET / HTTP/1.1" 200 5796 "http://www.eoawc.org/eoa-programs/eoa-head-start-early-head-start/" "Mozilla/5.0 (Macintosh; Intel Mac OS X 10_10_4) AppleWebKit/600.7.12 (KHTML, like Gecko) Version/8.0.7 Safari/600.7.12" "www.eoaheadstart.org"
72.204.55.250 - - [30/Oct/2015:19:18:20 -0700] "GET /enrollment HTTP/1.1" 200 4762 "http://www.eoaheadstart.org/" "Mozilla/5.0 (Macintosh; Intel Mac OS X 10_10_4) AppleWebKit/600.7.12 (KHTML, like Gecko) Version/8.0.7 Safari/600.7.12" "www.eoaheadstart.org"
72.204.55.250 - - [30/Oct/2015:19:18:24 -0700] "GET /application HTTP/1.1" 200 7516 "http://www.eoaheadstart.org/enrollment" "Mozilla/5.0 (Macintosh; Intel Mac OS X 10_10_4) AppleWebKit/600.7.12 (KHTML, like Gecko) Version/8.0.7 Safari/600.7.12" "www.eoaheadstart.org"
72.204.55.250 - - [30/Oct/2015:19:18:31 -0700] "GET /parent_information HTTP/1.1" 200 85979 "http://www.eoaheadstart.org/application" "Mozilla/5.0 (Macintosh; Intel Mac OS X 10_10_4) AppleWebKit/600.7.12 (KHTML, like Gecko) Version/8.0.7 Safari/600.7.12" "www.eoaheadstart.org"
72.204.55.250 - - [30/Oct/2015:19:18:34 -0700] "GET /yahoo_site_admin/assets/docs/0613_1516_Parent_Handbook_EnglishPDF_.196114111.pdf HTTP/1.1" 200 1044016 "http://www.eoaheadstart.org/parent_information" "Mozilla/5.0 (Macintosh; Intel Mac OS X 10_10_4) AppleWebKit/600.7.12 (KHTML, like Gecko) Version/8.0.7 Safari/600.7.12" "www.eoaheadstart.org"
91.116.246.72 - - [30/Oct/2015:19:18:37 -0700] "GET /logs/access.log HTTP/1.1" 200 16834 "-" "Mozilla/5.0 (X11; Linux x86_64; rv:2.0b8pre) Gecko/20101011 Firefox/4.0b8pre" "www.eoaheadstart.org"
178.137.94.166 - - [30/Oct/2015:19:19:49 -0700] "GET /centers/ HTTP/1.1" 200 16067 "http://ledstudio.org/" "Mozilla/4.0 (compatible; MSIE 5.0; Windows 2000) Opera 6.0 [en]" "eoaheadstart.org"
178.137.94.166 - - [30/Oct/2015:19:19:50 -0700] "GET /centers/ HTTP/1.1" 200 16067 "http://ledstudio.org/" "Mozilla/4.0 (compatible; MSIE 5.0; Windows 2000) Opera 6.0 [en]" "eoaheadstart.org"
91.116.246.72 - - [30/Oct/2015:19:20:19 -0700] "GET /logs/access.log HTTP/1.1" 200 17413 "-" "Mozilla/5.0 (X11; Linux x86_64; rv:2.0b8pre) Gecko/20101011 Firefox/4.0b8pre" "eoaheadstart.org"
31.184.238.87 - - [30/Oct/2015:19:21:22 -0700] "GET /logs/access.log HTTP/1.1" 200 17604 "http://order-ropinirole-1mg-online.soup.io" "Mozilla/5.0 (Windows NT 6.1) AppleWebKit/537.36 (KHTML, like Gecko) Chrome/30.0.1599.13014 YaBrowser/13.12.1599.13014 Safari/537.36" "www.eoaheadstart.org"
31.184.238.87 - - [30/Oct/2015:19:27:41 -0700] "GET /logs/access.log HTTP/1.1" 200 17895 "http://furoxone-100mg-buy-online.snack.ws" "Opera/9.80 (Windows NT 6.1; WOW64) Presto/2.12.388 Version/12.16" "www.eoaheadstart.org"
107.181.78.207 - - [30/Oct/2015:19:28:05 -0700] "GET /logs/access.log HTTP/1.1" 200 3344 "http://www.eoaheadstart.org/" "Mozilla/5.0 (Windows NT 6.1; WOW64) AppleWebKit/537.36 (KHTML, like Gecko) Maxthon/4.4.3.4000 Chrome/30.0.1599.101 Safari/537.36" "www.eoaheadstart.org"
115.132.104.99 - - [30/Oct/2015:19:31:22 -0700] "GET / HTTP/1.1" 200 19305 "-" "Java/1.4.1_04" "www.eoaheadstart.org"
115.132.104.99 - - [30/Oct/2015:19:31:23 -0700] "GET /about_us HTTP/1.1" 200 15910 "-" "Java/1.4.1_04" "www.eoaheadstart.org"
115.132.104.99 - - [30/Oct/2015:19:31:24 -0700] "GET /application HTTP/1.1" 200 26918 "-" "Java/1.4.1_04" "www.eoaheadstart.org"
115.132.104.99 - - [30/Oct/2015:19:31:25 -0700] "GET /careers HTTP/1.1" 200 19185 "-" "Java/1.4.1_04" "www.eoaheadstart.org"
115.132.104.99 - - [30/Oct/2015:19:31:26 -0700] "GET /centers HTTP/1.1" 200 16067 "-" "Java/1.4.1_04" "www.eoaheadstart.org"
115.132.104.99 - - [30/Oct/2015:19:31:27 -0700] "GET /contact_us HTTP/1.1" 200 33137 "-" "Java/1.4.1_04" "www.eoaheadstart.org"
115.132.104.99 - - [30/Oct/2015:19:31:28 -0700] "GET /enrollment HTTP/1.1" 200 17947 "-" "Java/1.4.1_04" "www.eoaheadstart.org"
115.132.104.99 - - [30/Oct/2015:19:31:29 -0700] "GET /home HTTP/1.1" 200 18889 "-" "Java/1.4.1_04" "www.eoaheadstart.org"
115.132.104.99 - - [30/Oct/2015:19:31:29 -0700] "GET /news HTTP/1.1" 200 15565 "-" "Java/1.4.1_04" "www.eoaheadstart.org"
115.132.104.99 - - [30/Oct/2015:19:31:30 -0700] "GET /parent_information HTTP/1.1" 200 122295 "-" "Java/1.4.1_04" "www.eoaheadstart.org"
115.132.104.99 - - [30/Oct/2015:19:31:33 -0700] "GET /application/espa%C3%B1ol HTTP/1.1" 200 37737 "-" "Java/1.4.1_04" "www.eoaheadstart.org"
115.132.104.99 - - [30/Oct/2015:19:31:35 -0700] "GET /parent_information/waiting_list_info HTTP/1.1" 200 16972 "-" "Java/1.4.1_04" "www.eoaheadstart.org"
115.132.104.99 - - [30/Oct/2015:19:31:37 -0700] "GET /contact_us/{mapurl} HTTP/1.1" 200 779 "-" "Java/1.4.1_04" "www.eoaheadstart.org"
115.132.104.99 - - [30/Oct/2015:19:31:38 -0700] "GET /application/espa%C3%B1ol/tel:%28479%29%20521-5571 HTTP/1.1" 200 779 "-" "Java/1.4.1_04" "www.eoaheadstart.org"
115.132.104.99 - - [30/Oct/2015:19:31:38 -0700] "GET /https://twitter.com/EOA_HS_Family HTTP/1.1" 404 73 "-" "Java/1.4.1_04" "www.eoaheadstart.org"
115.132.104.99 - - [30/Oct/2015:19:31:39 -0700] "GET /https://s.yimg.com/mi/vs4/ywa.js HTTP/1.1" 404 73 "-" "Java/1.4.1_04" "www.eoaheadstart.org"
115.132.104.99 - - [30/Oct/2015:19:31:40 -0700] "GET /about_us/https://twitter.com/EOA_HS_Family HTTP/1.1" 200 779 "-" "Java/1.4.1_04" "www.eoaheadstart.org"
115.132.104.99 - - [30/Oct/2015:19:31:40 -0700] "GET /application/https://twitter.com/EOA_HS_Family HTTP/1.1" 200 779 "-" "Java/1.4.1_04" "www.eoaheadstart.org"
115.132.104.99 - - [30/Oct/2015:19:31:40 -0700] "GET /careers/https://twitter.com/EOA_HS_Family HTTP/1.1" 200 779 "-" "Java/1.4.1_04" "www.eoaheadstart.org"
115.132.104.99 - - [30/Oct/2015:19:31:41 -0700] "GET /centers/https://twitter.com/EOA_HS_Family HTTP/1.1" 200 779 "-" "Java/1.4.1_04" "www.eoaheadstart.org"
115.132.104.99 - - [30/Oct/2015:19:31:41 -0700] "GET /contact_us/https://twitter.com/EOA_HS_Family HTTP/1.1" 200 779 "-" "Java/1.4.1_04" "www.eoaheadstart.org"
115.132.104.99 - - [30/Oct/2015:19:31:41 -0700] "GET /enrollment/https://twitter.com/EOA_HS_Family HTTP/1.1" 200 779 "-" "Java/1.4.1_04" "www.eoaheadstart.org"
115.132.104.99 - - [30/Oct/2015:19:31:42 -0700] "GET /home/https://twitter.com/EOA_HS_Family HTTP/1.1" 200 779 "-" "Java/1.4.1_04" "www.eoaheadstart.org"
115.132.104.99 - - [30/Oct/2015:19:31:42 -0700] "GET /news/https://twitter.com/EOA_HS_Family HTTP/1.1" 200 779 "-" "Java/1.4.1_04" "www.eoaheadstart.org"
115.132.104.99 - - [30/Oct/2015:19:31:43 -0700] "GET /about_us/https://s.yimg.com/mi/vs4/ywa.js HTTP/1.1" 200 779 "-" "Java/1.4.1_04" "www.eoaheadstart.org"
115.132.104.99 - - [30/Oct/2015:19:31:43 -0700] "GET /about_us/https://www.facebook.com/pages/EOA-of-Washington-County-Head-StartEarly-Head-Start HTTP/1.1" 200 779 "-" "Java/1.4.1_04" "www.eoaheadstart.org"
115.132.104.99 - - [30/Oct/2015:19:31:43 -0700] "GET /application/https://s.yimg.com/mi/vs4/ywa.js HTTP/1.1" 200 779 "-" "Java/1.4.1_04" "www.eoaheadstart.org"
115.132.104.99 - - [30/Oct/2015:19:31:44 -0700] "GET /careers/https://s.yimg.com/mi/vs4/ywa.js HTTP/1.1" 200 779 "-" "Java/1.4.1_04" "www.eoaheadstart.org"
115.132.104.99 - - [30/Oct/2015:19:31:45 -0700] "GET /centers/https://s.yimg.com/mi/vs4/ywa.js HTTP/1.1" 200 779 "-" "Java/1.4.1_04" "www.eoaheadstart.org"
115.132.104.99 - - [30/Oct/2015:19:31:45 -0700] "GET /centers/https://www.facebook.com/pages/EOA-of-Washington-County-Head-StartEarly-Head-Start HTTP/1.1" 200 779 "-" "Java/1.4.1_04" "www.eoaheadstart.org"
115.132.104.99 - - [30/Oct/2015:19:31:45 -0700] "GET /contact_us/https://s.yimg.com/mi/vs4/ywa.js HTTP/1.1" 200 779 "-" "Java/1.4.1_04" "www.eoaheadstart.org"
115.132.104.99 - - [30/Oct/2015:19:31:46 -0700] "GET /contact_us/https://www.facebook.com/pages/EOA-of-Washington-County-Head-StartEarly-Head-Start HTTP/1.1" 200 779 "-" "Java/1.4.1_04" "www.eoaheadstart.org"
115.132.104.99 - - [30/Oct/2015:19:31:47 -0700] "GET /enrollment/https://s.yimg.com/mi/vs4/ywa.js HTTP/1.1" 200 779 "-" "Java/1.4.1_04" "www.eoaheadstart.org"
115.132.104.99 - - [30/Oct/2015:19:31:48 -0700] "GET /news/https://s.yimg.com/mi/vs4/ywa.js HTTP/1.1" 200 779 "-" "Java/1.4.1_04" "www.eoaheadstart.org"
31.184.238.87 - - [30/Oct/2015:19:40:23 -0700] "GET /logs/access.log HTTP/1.1" 200 23526 "http://keflex-order.soup.io" "Mozilla/5.0 (Windows NT 6.1) AppleWebKit/537.36 (KHTML, like Gecko) Chrome/33.0.1750.117 Safari/537.36" "www.eoaheadstart.org"
141.8.143.179 - - [30/Oct/2015:19:42:36 -0700] "GET /yahoo_site_admin/assets/docs/0613_1516_Parent_Handbook_EnglishPDF_.196114111.pdf HTTP/1.1" 200 1044016 "-" "Mozilla/5.0 (compatible; YandexBot/3.0; +http://yandex.com/bots)" "eoaheadstart.org"
208.115.113.91 - - [30/Oct/2015:19:45:06 -0700] "GET /application HTTP/1.1" 200 26918 "-" "Mozilla/5.0 (compatible; DotBot/1.1; http://www.opensiteexplorer.org/dotbot, help@moz.com)" "www.eoaheadstart.org"
31.184.238.87 - - [30/Oct/2015:19:46:43 -0700] "GET /logs/access.log HTTP/1.1" 200 24225 "http://gravatar.com/buynevirapineonlinenetherlands" "Mozilla/5.0 (Windows NT 6.1; WOW64) AppleWebKit/537.36 (KHTML, like Gecko) Chrome/32.0.1700.102 Safari/537.36" "www.eoaheadstart.org"
31.184.238.87 - - [30/Oct/2015:19:53:05 -0700] "GET /logs/access.log HTTP/1.1" 200 24502 "http://buytadalafil800mgonline.snack.ws" "Mozilla/5.0 (Windows NT 6.1; WOW64) AppleWebKit/537.36 (KHTML, like Gecko) Chrome/32.0.1700.107 Safari/537.36" "www.eoaheadstart.org"
31.184.238.87 - - [30/Oct/2015:19:59:25 -0700] "GET /logs/access.log HTTP/1.1" 200 24768 "http://buyethinylestradiolfastdelivery.snack.ws" "Mozilla/5.0 (Windows NT 6.3; WOW64) AppleWebKit/537.36 (KHTML, like Gecko) Chrome/33.0.1750.117 Safari/537.36" "www.eoaheadstart.org"
31.184.238.87 - - [30/Oct/2015:20:05:48 -0700] "GET /logs/access.log HTTP/1.1" 200 25042 "http://warfarin-buy-safely.snack.ws" "Mozilla/5.0 (Windows NT 6.3; WOW64) AppleWebKit/537.36 (KHTML, like Gecko) Chrome/32.0.1700.102 Safari/537.36" "www.eoaheadstart.org"
31.184.238.87 - - [30/Oct/2015:20:12:12 -0700] "GET /logs/access.log HTTP/1.1" 200 25304 "http://gravatar.com/buykeflex750mg2015" "Mozilla/5.0 (Windows NT 6.1; WOW64) AppleWebKit/537.36 (KHTML, like Gecko) Chrome/32.0.1700.102 Safari/537.36" "www.eoaheadstart.org"
69.147.248.89 - - [30/Oct/2015:20:13:41 -0700] "GET /logs/access.log HTTP/1.1" 200 3852 "http://eoaheadstart.org/" "Mozilla/5.0 (Windows NT 6.1; WOW64) AppleWebKit/537.36 (KHTML, like Gecko) Maxthon/4.4.4.600 Chrome/30.0.1599.101 Safari/537.36" "eoaheadstart.org"
31.184.238.87 - - [30/Oct/2015:20:18:35 -0700] "GET /logs/access.log HTTP/1.1" 200 25833 "http://ordertrihexyphenidyl2mgsafely.over-blog.com/2014/04/trihexyphenidyl-2mg-buy-cheap-trihexyphenidyl-canada-online.html" "Mozilla/5.0 (Windows NT 6.1; WOW64) AppleWebKit/537.36 (KHTML, like Gecko) Chrome/33.0.1750.146 Safari/537.36" "www.eoaheadstart.org"
91.116.246.72 - - [30/Oct/2015:20:22:19 -0700] "GET /logs/access.log HTTP/1.1" 200 26183 "-" "Mozilla/5.0 (X11; Linux x86_64; rv:2.0b8pre) Gecko/20101011 Firefox/4.0b8pre" "eoaheadstart.org"
31.184.238.87 - - [30/Oct/2015:20:25:00 -0700] "GET /logs/access.log HTTP/1.1" 200 26374 "http://buy-seroquel.soup.io" "Mozilla/5.0 (Windows NT 6.1; WOW64) AppleWebKit/537.36 (KHTML, like Gecko) Chrome/31.0.1650.63 Safari/537.36 OPR/18.0.1284.68" "www.eoaheadstart.org"
31.184.238.87 - - [30/Oct/2015:20:31:24 -0700] "GET /logs/access.log HTTP/1.1" 200 26644 "http://ordermetformincheap.soup.io" "Mozilla/5.0 (Windows NT 5.1) AppleWebKit/537.36 (KHTML, like Gecko) Chrome/32.0.1700.76 Safari/537.36" "www.eoaheadstart.org"
31.184.238.87 - - [30/Oct/2015:20:37:47 -0700] "GET /logs/access.log HTTP/1.1" 200 26897 "http://gravatar.com/oqkpantoprazole" "Mozilla/5.0 (Windows NT 5.1; rv:27.0) Gecko/20100101 Firefox/27.0" "www.eoaheadstart.org"
207.46.13.177 - - [30/Oct/2015:20:40:52 -0700] "GET /robots.txt HTTP/1.1" 200 43 "-" "Mozilla/5.0 (compatible; bingbot/2.0; +http://www.bing.com/bingbot.htm)" "eoaheadstart.org"
99.98.86.128 - - [30/Oct/2015:20:42:25 -0700] "GET / HTTP/1.1" 200 5784 "-" "Mozilla/5.0 (iPhone; CPU iPhone OS 8_4 like Mac OS X) AppleWebKit/600.1.4 (KHTML, like Gecko) Version/8.0 Mobile/12H143 Safari/600.1.4" "eoaheadstart.org"
31.184.238.87 - - [30/Oct/2015:20:44:12 -0700] "GET /logs/access.log HTTP/1.1" 200 27525 "http://triamcinolone-4mg-order-online.soup.io" "Mozilla/5.0 (Windows NT 5.1) AppleWebKit/537.36 (KHTML, like Gecko) Chrome/33.0.1750.146 Safari/537.36" "www.eoaheadstart.org"
99.98.86.128 - - [30/Oct/2015:20:47:07 -0700] "GET / HTTP/1.1" 200 5796 "-" "Mozilla/5.0 (iPhone; CPU iPhone OS 8_4 like Mac OS X) AppleWebKit/600.1.4 (KHTML, like Gecko) Version/8.0 Mobile/12H143 Safari/600.1.4" "eoaheadstart.org"
99.98.86.128 - - [30/Oct/2015:20:47:07 -0700] "GET /yahoo_site_admin/assets/images/EOACSlogo.19571411_logo.jpg HTTP/1.1" 200 4070 "http://eoaheadstart.org/" "Mozilla/5.0 (iPhone; CPU iPhone OS 8_4 like Mac OS X) AppleWebKit/600.1.4 (KHTML, like Gecko) Version/8.0 Mobile/12H143 Safari/600.1.4" "eoaheadstart.org"
99.98.86.128 - - [30/Oct/2015:20:47:07 -0700] "GET /yahoo_site_admin/assets/images/facebook_logo.322121617_std.jpg HTTP/1.1" 200 21026 "http://eoaheadstart.org/" "Mozilla/5.0 (iPhone; CPU iPhone OS 8_4 like Mac OS X) AppleWebKit/600.1.4 (KHTML, like Gecko) Version/8.0 Mobile/12H143 Safari/600.1.4" "eoaheadstart.org"
107.23.56.124 - - [30/Oct/2015:20:47:39 -0700] "GET / HTTP/1.1" 200 5796 "-" "Mozilla/5.0 (Macintosh; Intel Mac OS X 10.9; rv:29.0) Gecko/20100101 Firefox/29.0" "eoaheadstart.org"
31.184.238.87 - - [30/Oct/2015:20:50:37 -0700] "GET /logs/access.log HTTP/1.1" 200 28833 "http://buy-labetalol-without-prescription.snack.ws" "Mozilla/5.0 (Windows NT 5.1) AppleWebKit/537.36 (KHTML, like Gecko) Chrome/32.0.1700.76 Safari/537.36" "www.eoaheadstart.org"
31.184.238.87 - - [30/Oct/2015:20:57:00 -0700] "GET /logs/access.log HTTP/1.1" 200 29102 "http://minocin100mg5oo.forumcircle.com" "Mozilla/5.0 (Windows NT 6.1; WOW64) AppleWebKit/537.36 (KHTML, like Gecko) Chrome/30.0.1599.12785 YaBrowser/13.12.1599.12785 Safari/537.36" "www.eoaheadstart.org"
96.41.51.202 - - [30/Oct/2015:21:01:44 -0700] "GET / HTTP/1.1" 200 5796 "http://www.google.com/aclk?sa=L&ai=CF8Nx2Dw0VvTTFYrHhASVqKGoBYyHtoQCjJvN3CfTpaoICAAQAigDYMmegofIo5AZyAEBqgQkT9BmdluLmrN84Wb3Td8hC51vVU_LOPnp4gPJZMIjVKnh3ZB4gAfMuc8XkAcDqAemvhvYBwE&sig=AOD64_1g7fHKYej8sctYvAFdE1ubXjvu5A&clui=1&rct=j&q=&ved=0CCAQ0QxqFQoTCOaqravp68gCFYboJgod5p0CwA&adurl=http://eoaheadstart.org" "Mozilla/5.0 (Windows NT 6.3; Trident/7.0; Touch; rv:11.0) like Gecko" "eoaheadstart.org"
96.41.51.202 - - [30/Oct/2015:21:01:44 -0700] "GET /yahoo_site_admin/assets/images/EOACSlogo.19571411_logo.jpg HTTP/1.1" 200 4070 "http://eoaheadstart.org/" "Mozilla/5.0 (Windows NT 6.3; Trident/7.0; Touch; rv:11.0) like Gecko" "eoaheadstart.org"
31.184.238.87 - - [30/Oct/2015:21:03:24 -0700] "GET /logs/access.log HTTP/1.1" 200 30116 "http://jh6suhagra.forumcircle.com" "Mozilla/5.0 (Windows NT 6.1) AppleWebKit/537.36 (KHTML, like Gecko) Chrome/33.0.1750.117 Safari/537.36" "www.eoaheadstart.org"
31.184.238.87 - - [30/Oct/2015:21:09:48 -0700] "GET /logs/access.log HTTP/1.1" 200 30369 "http://buyzoviraxonlineusa.soup.io" "Mozilla/5.0 (Windows NT 5.1; rv:27.0) Gecko/20100101 Firefox/27.0" "www.eoaheadstart.org"
31.184.238.87 - - [30/Oct/2015:21:16:13 -0700] "GET /logs/access.log HTTP/1.1" 200 30586 "http://buyamitriptylinesweden.soup.io" "Mozilla/5.0 (Windows NT 6.2; WOW64) AppleWebKit/537.36 (KHTML, like Gecko) Chrome/32.0.1700.107 Safari/537.36" "www.eoaheadstart.org"
220.181.108.119 - - [30/Oct/2015:21:18:43 -0700] "GET /logs/access.log HTTP/1.1" 200 4595 "-" "Mozilla/5.0 (compatible; Baiduspider/2.0; +http://www.baidu.com/search/spider.html)" "eoaheadstart.org"
91.116.246.72 - - [30/Oct/2015:21:22:19 -0700] "GET /logs/access.log HTTP/1.1" 200 31049 "-" "Mozilla/5.0 (X11; Linux x86_64; rv:2.0b8pre) Gecko/20101011 Firefox/4.0b8pre" "www.eoaheadstart.org"
31.184.238.87 - - [30/Oct/2015:21:22:38 -0700] "GET /logs/access.log HTTP/1.1" 200 31244 "http://www.theknot.com/wedding/albuterol-and-worldwide" "Mozilla/5.0 (Windows NT 6.0) AppleWebKit/537.36 (KHTML, like Gecko) Chrome/32.0.1700.107 Safari/537.36" "www.eoaheadstart.org"
91.116.246.72 - - [30/Oct/2015:21:23:51 -0700] "GET /logs/access.log HTTP/1.1" 200 31518 "-" "Mozilla/5.0 (X11; Linux x86_64; rv:2.0b8pre) Gecko/20101011 Firefox/4.0b8pre" "eoaheadstart.org"
31.184.238.87 - - [30/Oct/2015:21:29:00 -0700] "GET /logs/access.log HTTP/1.1" 200 31709 "http://gravatar.com/periactin4mgjk" "Mozilla/5.0 (Windows NT 6.1; WOW64; rv:27.0) Gecko/20100101 Firefox/27.0" "www.eoaheadstart.org"
31.184.238.87 - - [30/Oct/2015:21:35:26 -0700] "GET /logs/access.log HTTP/1.1" 200 31933 "http://buyirbesartanonline.soup.io" "Mozilla/5.0 (Windows NT 6.1; WOW64) AppleWebKit/537.36 (KHTML, like Gecko) Chrome/30.0.1599.13014 YaBrowser/13.12.1599.13014 Safari/537.36" "www.eoaheadstart.org"
31.184.238.87 - - [30/Oct/2015:21:41:55 -0700] "GET /logs/access.log HTTP/1.1" 200 32223 "http://e5allopurinol.forumcircle.com" "Mozilla/5.0 (Windows NT 6.1; rv:27.0) Gecko/20100101 Firefox/27.0" "www.eoaheadstart.org"
31.184.238.87 - - [30/Oct/2015:21:48:19 -0700] "GET /logs/access.log HTTP/1.1" 200 32442 "http://gravatar.com/ropinirole1mgf8" "Mozilla/5.0 (Windows NT 5.1; rv:26.0) Gecko/20100101 Firefox/26.0" "www.eoaheadstart.org"
31.184.238.87 - - [30/Oct/2015:21:54:44 -0700] "GET /logs/access.log HTTP/1.1" 200 32660 "http://order-clozapine-100mg-safely.over-blog.com/2014/04/clozapine-100mg-buy-online.html" "Mozilla/5.0 (Windows NT 5.1; rv:26.0) Gecko/20100101 Firefox/26.0" "www.eoaheadstart.org"
31.184.238.87 - - [30/Oct/2015:22:01:08 -0700] "GET /logs/access.log HTTP/1.1" 200 32932 "http://www.theknot.com/wedding/rx-and-clonidine" "Mozilla/5.0 (Windows NT 6.1) AppleWebKit/537.36 (KHTML, like Gecko) Chrome/33.0.1750.117 Safari/537.36" "www.eoaheadstart.org"
31.184.238.87 - - [30/Oct/2015:22:07:34 -0700] "GET /logs/access.log HTTP/1.1" 200 33199 "http://clindamycin-150mg-order-cheap.soup.io" "Mozilla/5.0 (Windows NT 6.3; WOW64) AppleWebKit/537.36 (KHTML, like Gecko) Chrome/32.0.1700.107 Safari/537.36" "www.eoaheadstart.org"
31.184.238.87 - - [30/Oct/2015:22:13:58 -0700] "GET /logs/access.log HTTP/1.1" 200 33470 "http://orderdipyridamolenoprescription.soup.io" "Opera/9.80 (Windows NT 6.1; WOW64) Presto/2.12.388 Version/12.16" "www.eoaheadstart.org"
31.184.238.87 - - [30/Oct/2015:22:20:23 -0700] "GET /logs/access.log HTTP/1.1" 200 33698 "http://buybaclofenbrazil.forumcircle.com" "Mozilla/5.0 (Macintosh; Intel Mac OS X 10_9_1) AppleWebKit/537.73.11 (KHTML, like Gecko) Version/7.0.1 Safari/537.73.11" "www.eoaheadstart.org"
180.76.15.32 - - [30/Oct/2015:22:22:50 -0700] "GET / HTTP/1.1" 200 5796 "-" "Mozilla/5.0 (compatible; Baiduspider/2.0; +http://www.baidu.com/search/spider.html)" "eoaheadstart.org"
91.116.246.72 - - [30/Oct/2015:22:23:59 -0700] "GET /logs/access.log HTTP/1.1" 200 34156 "-" "Mozilla/5.0 (X11; Linux x86_64; rv:2.0b8pre) Gecko/20101011 Firefox/4.0b8pre" "www.eoaheadstart.org"
91.116.246.72 - - [30/Oct/2015:22:25:38 -0700] "GET /logs/access.log HTTP/1.1" 200 34351 "-" "Mozilla/5.0 (X11; Linux x86_64; rv:2.0b8pre) Gecko/20101011 Firefox/4.0b8pre" "eoaheadstart.org"
31.184.238.87 - - [30/Oct/2015:22:26:48 -0700] "GET /logs/access.log HTTP/1.1" 200 34542 "http://cilostazol-order-safely.soup.io" "Mozilla/5.0 (Windows NT 6.1; WOW64) AppleWebKit/537.36 (KHTML, like Gecko) Chrome/32.0.1700.107 Safari/537.36 OPR/19.0.1326.63" "www.eoaheadstart.org"
31.184.238.87 - - [30/Oct/2015:22:33:13 -0700] "GET /logs/access.log HTTP/1.1" 200 34824 "http://ordernaproxen250mg.forumcircle.com" "Mozilla/5.0 (Windows NT 5.1; rv:26.0) Gecko/20100101 Firefox/26.0" "www.eoaheadstart.org"
31.184.238.87 - - [30/Oct/2015:22:39:35 -0700] "GET /logs/access.log HTTP/1.1" 200 35048 "http://allopurinol-order.soup.io" "Mozilla/5.0 (Windows NT 6.1) AppleWebKit/537.36 (KHTML, like Gecko) Chrome/30.0.1599.12785 YaBrowser/13.12.1599.12785 Safari/537.36" "www.eoaheadstart.org"
31.184.238.87 - - [30/Oct/2015:22:46:03 -0700] "GET /logs/access.log HTTP/1.1" 200 35329 "http://orderindapamideonline.tumblr.com" "Mozilla/5.0 (Windows NT 6.3; WOW64) AppleWebKit/537.36 (KHTML, like Gecko) Chrome/32.0.1700.107 Safari/537.36" "www.eoaheadstart.org"
66.102.8.189 - - [30/Oct/2015:22:49:19 -0700] "GET / HTTP/1.1" 200 19305 "http://www.google.com/url?sa=t&rct=j&q=&esrc=s&source=web&cd=3&ved=0CFMQFjAB&url=http%3A%2F%2Feoaheadstart.org%2F&ei=XlY0VoGFKMue_wSTMg&usg=AFQjCNHYBSA5Zd5_URygR4Aa1p2o8tTarg" "Mozilla/5.0 (iPhone; CPU iPhone OS 8_3 like Mac OS X) AppleWebKit/600.1.4 (KHTML, like Gecko) Version/8.0 Mobile/12F70 Safari/600.1.4" "eoaheadstart.org"
66.102.8.194 - - [30/Oct/2015:22:49:19 -0700] "GET /yahoo_site_admin/assets/images/facebook_logo.322121617_std.jpg HTTP/1.1" 200 21026 "http://eoaheadstart.org/" "Mozilla/5.0 (iPhone; CPU iPhone OS 8_3 like Mac OS X) AppleWebKit/600.1.4 (KHTML, like Gecko) Version/8.0 Mobile/12F70 Safari/600.1.4" "eoaheadstart.org"
66.102.8.184 - - [30/Oct/2015:22:49:19 -0700] "GET /yahoo_site_admin/assets/images/EOACSlogo.19571411_logo.jpg HTTP/1.1" 200 4070 "http://eoaheadstart.org/" "Mozilla/5.0 (iPhone; CPU iPhone OS 8_3 like Mac OS X) AppleWebKit/600.1.4 (KHTML, like Gecko) Version/8.0 Mobile/12F70 Safari/600.1.4" "eoaheadstart.org"
31.184.238.87 - - [30/Oct/2015:22:52:29 -0700] "GET /logs/access.log HTTP/1.1" 200 36629 "http://buy-glycomet-500mg-online.soup.io" "Mozilla/5.0 (Windows NT 6.1) AppleWebKit/537.36 (KHTML, like Gecko) Chrome/33.0.1750.117 Safari/537.36" "www.eoaheadstart.org"
31.184.238.87 - - [30/Oct/2015:22:58:54 -0700] "GET /logs/access.log HTTP/1.1" 200 36889 "http://levonorgestrel3rl.forumcircle.com" "Opera/9.80 (Windows NT 5.1) Presto/2.12.388 Version/12.16" "www.eoaheadstart.org"
31.184.238.87 - - [30/Oct/2015:23:05:20 -0700] "GET /logs/access.log HTTP/1.1" 200 37104 "http://order-nizoral-200mg-without-rx.soup.io" "Mozilla/5.0 (Windows NT 6.1; WOW64) AppleWebKit/537.36 (KHTML, like Gecko) Chrome/33.0.1750.117 Safari/537.36" "www.eoaheadstart.org"
180.76.15.24 - - [30/Oct/2015:23:05:23 -0700] "GET /yahoo_site_admin/assets/docs/USDA.30995823.pdf HTTP/1.1" 200 53230 "-" "Mozilla/5.0 (compatible; Baiduspider/2.0; +http://www.baidu.com/search/spider.html)" "www.eoaheadstart.org"
31.184.238.87 - - [30/Oct/2015:23:11:46 -0700] "GET /logs/access.log HTTP/1.1" 200 37608 "http://www.theknot.com/wedding/metaxalone-and-rx" "Opera/9.80 (Windows NT 6.1; Win64; x64) Presto/2.12.388 Version/12.16" "www.eoaheadstart.org"
31.184.238.87 - - [30/Oct/2015:23:24:35 -0700] "GET /logs/access.log HTTP/1.1" 200 37843 "http://order-mefenamic-acid-500mg-safely.soup.io" "Opera/9.80 (Windows NT 6.1; Win64; x64) Presto/2.12.388 Version/12.16" "www.eoaheadstart.org"
91.116.246.72 - - [30/Oct/2015:23:25:43 -0700] "GET /logs/access.log HTTP/1.1" 200 38078 "-" "Mozilla/5.0 (X11; Linux x86_64; rv:2.0b8pre) Gecko/20101011 Firefox/4.0b8pre" "www.eoaheadstart.org"
91.116.246.72 - - [30/Oct/2015:23:27:19 -0700] "GET /logs/access.log HTTP/1.1" 200 38273 "-" "Mozilla/5.0 (X11; Linux x86_64; rv:2.0b8pre) Gecko/20101011 Firefox/4.0b8pre" "eoaheadstart.org"
31.184.238.87 - - [30/Oct/2015:23:31:01 -0700] "GET /logs/access.log HTTP/1.1" 200 38464 "http://buy-rabeprazole-20mg-safely.snack.ws" "Mozilla/5.0 (Windows NT 6.1; WOW64) AppleWebKit/537.36 (KHTML, like Gecko) Chrome/33.0.1750.146 Safari/537.36" "www.eoaheadstart.org"
192.126.192.101 - - [30/Oct/2015:23:31:55 -0700] "GET /logs/access.log HTTP/1.1" 200 5558 "http://eoaheadstart.org/" "Mozilla/5.0 (Windows NT 6.1; WOW64) AppleWebKit/537.36 (KHTML, like Gecko) Maxthon/4.4.4.600 Chrome/30.0.1599.101 Safari/537.36" "eoaheadstart.org"